[0m12:04:37.204605 [debug] [MainThread]: Sending event: {'category': 'dbt', 'action': 'invocation', 'label': 'start', 'context': [<snowplow_tracker.self_describing_json.SelfDescribingJson object at 0x0000020EADE1CD10>, <snowplow_tracker.self_describing_json.SelfDescribingJson object at 0x0000020EADB9D910>, <snowplow_tracker.self_describing_json.SelfDescribingJson object at 0x0000020EAD742540>]}


============================== 12:04:37.219097 | aae9d979-b48d-4b57-9484-a85afdfd5b33 ==============================
[0m12:04:37.219097 [info ] [MainThread]: Running with dbt=1.12.5
[0m12:04:37.220098 [debug] [MainThread]: running dbt with arguments {'static_parser': 'True', 'no_print': 'None', 'maximum_seed_size_mib': '1', 'warn_error_options': 'WarnErrorOptionsV2(error=[], warn=[], silence=[])', 'target_path': 'None', 'version_check': 'True', 'printer_width': '80', 'write_json': 'True', 'empty': 'None', 'log_cache_events': 'False', 'introspect': 'True', 'cache_selected_only': 'False', 'log_format': 'default', 'debug': 'False', 'fail_fast': 'False', 'profiles_dir': 'C:\\Users\\harsh\\.dbt', 'send_anonymous_usage_stats': 'True', 'quiet': 'False', 'warn_error': 'None', 'partial_parse': 'True', 'invocation_command': 'dbt init ecommerce_pipeline', 'hints_enabled': 'True', 'use_colors': 'True', 'use_experimental_parser': 'False', 'indirect_selection': 'eager', 'log_path': 'logs'}
[0m12:04:37.291142 [info ] [MainThread]: Creating dbt configuration folder at C:\Users\harsh\.dbt
[0m12:04:37.296145 [debug] [MainThread]: Starter project path: C:\Users\harsh\anaconda3\Lib\site-packages\dbt\include\starter_project
[0m12:04:37.332607 [info ] [MainThread]: Setting up your profile.
[0m12:04:54.965414 [info ] [MainThread]: Profile ecommerce_pipeline written to C:\Users\harsh\.dbt\profiles.yml using target's sample configuration. Once updated, you'll be able to start developing with dbt.
[0m12:04:54.974412 [info ] [MainThread]: Running dbt debug to validate the project...
[0m12:04:54.975416 [info ] [MainThread]: dbt version: 1.12.5
[0m12:04:54.976412 [info ] [MainThread]: python version: 3.12.10
[0m12:04:54.976412 [info ] [MainThread]: python path: C:\Users\harsh\anaconda3\python.exe
[0m12:04:54.977412 [info ] [MainThread]: os info: Windows-11-10.0.26200-SP0
[0m12:04:55.036948 [info ] [MainThread]: Using profiles dir at C:\Users\harsh\.dbt
[0m12:04:55.037947 [info ] [MainThread]: Using profiles.yml file at C:\Users\harsh\.dbt\profiles.yml
[0m12:04:55.038655 [info ] [MainThread]: Using dbt_project.yml file at C:\Users\harsh\dbt-ecommerce-pipeline\ecommerce_pipeline\dbt_project.yml
[0m12:04:55.040671 [info ] [MainThread]: adapter type: duckdb
[0m12:04:55.041763 [info ] [MainThread]: adapter version: 1.11.0
[0m12:04:55.144290 [info ] [MainThread]: Configuration:
[0m12:04:55.144290 [info ] [MainThread]:   profiles.yml file [[32mOK found and valid[0m]
[0m12:04:55.145293 [info ] [MainThread]:   dbt_project.yml file [[32mOK found and valid[0m]
[0m12:04:55.145293 [info ] [MainThread]: Required dependencies:
[0m12:04:55.146288 [debug] [MainThread]: Executing "git --help"
[0m12:04:55.718406 [debug] [MainThread]: STDOUT: "b"usage: git [-v | --version] [-h | --help] [-C <path>] [-c <name>=<value>]\n           [--exec-path[=<path>]] [--html-path] [--man-path] [--info-path]\n           [-p | --paginate | -P | --no-pager] [--no-replace-objects] [--no-lazy-fetch]\n           [--no-optional-locks] [--no-advice] [--bare] [--git-dir=<path>]\n           [--work-tree=<path>] [--namespace=<name>] [--config-env=<name>=<envvar>]\n           <command> [<args>]\n\nThese are common Git commands used in various situations:\n\nstart a working area (see also: git help tutorial)\n   clone      Clone a repository into a new directory\n   init       Create an empty Git repository or reinitialize an existing one\n\nwork on the current change (see also: git help everyday)\n   add        Add file contents to the index\n   mv         Move or rename a file, a directory, or a symlink\n   restore    Restore working tree files\n   rm         Remove files from the working tree and from the index\n\nexamine the history and state (see also: git help revisions)\n   bisect     Use binary search to find the commit that introduced a bug\n   diff       Show changes between commits, commit and working tree, etc\n   grep       Print lines matching a pattern\n   log        Show commit logs\n   show       Show various types of objects\n   status     Show the working tree status\n\ngrow, mark and tweak your common history\n   backfill   Download missing objects in a partial clone\n   branch     List, create, or delete branches\n   commit     Record changes to the repository\n   history    EXPERIMENTAL: Rewrite history\n   merge      Join two or more development histories together\n   rebase     Reapply commits on top of another base tip\n   reset      Set `HEAD` or the index to a known state\n   switch     Switch branches\n   tag        Create, list, delete or verify tags\n\ncollaborate (see also: git help workflows)\n   fetch      Download objects and refs from another repository\n   pull       Fetch from and integrate with another repository or a local branch\n   push       Update remote refs along with associated objects\n\n'git help -a' and 'git help -g' list available subcommands and some\nconcept guides. See 'git help <command>' or 'git help <concept>'\nto read about a specific subcommand or concept.\nSee 'git help git' for an overview of the system.\n""
[0m12:04:55.719407 [debug] [MainThread]: STDERR: "b''"
[0m12:04:55.720408 [info ] [MainThread]:  - git [[32mOK found[0m]

[0m12:04:55.720408 [info ] [MainThread]: Connection:
[0m12:04:55.720408 [info ] [MainThread]:   database: dev
[0m12:04:55.720408 [info ] [MainThread]:   schema: main
[0m12:04:55.721919 [info ] [MainThread]:   path: dev.duckdb
[0m12:04:55.721919 [info ] [MainThread]:   config_options: None
[0m12:04:55.721919 [info ] [MainThread]:   extensions: None
[0m12:04:55.721919 [info ] [MainThread]:   settings: {}
[0m12:04:55.722929 [info ] [MainThread]:   external_root: .
[0m12:04:55.722929 [info ] [MainThread]:   use_credential_provider: None
[0m12:04:55.723931 [info ] [MainThread]:   attach: None
[0m12:04:55.723931 [info ] [MainThread]:   filesystems: None
[0m12:04:55.723931 [info ] [MainThread]:   remote: None
[0m12:04:55.724929 [info ] [MainThread]:   plugins: None
[0m12:04:55.724929 [info ] [MainThread]:   disable_transactions: False
[0m12:04:55.724929 [info ] [MainThread]: Registered adapter: duckdb=1.11.0
[0m12:04:56.026104 [debug] [MainThread]: Acquiring new duckdb connection 'debug'
[0m12:04:56.292049 [debug] [MainThread]: Using duckdb connection "debug"
[0m12:04:56.293050 [debug] [MainThread]: On debug: select 1 as id
[0m12:04:56.293050 [debug] [MainThread]: Opening a new connection, currently in state init
[0m12:04:56.327569 [debug] [MainThread]: SQL status: OK in 0.034 seconds
[0m12:04:56.328568 [debug] [MainThread]: On debug: Close
[0m12:04:56.329568 [info ] [MainThread]:   Connection test: [[32mOK connection ok[0m]

[0m12:04:56.329568 [info ] [MainThread]: [32mAll checks passed![0m
[0m12:04:56.330568 [info ] [MainThread]: Your new dbt project "ecommerce_pipeline" was created!
Initialized new project in C:\Users\harsh\dbt-ecommerce-pipeline\ecommerce_pipeline\ecommerce_pipeline

For more information on how to configure the profiles.yml file,
please consult the dbt documentation here:

  https://docs.getdbt.com/docs/configure-your-profile

One more thing:

Need help? Don't hesitate to reach out to us via GitHub issues or on Slack:

  https://community.getdbt.com/

Happy modeling!

[0m12:04:56.331568 [debug] [MainThread]: Command `dbt init` succeeded at 12:04:56.331568 after 19.45 seconds
[0m12:04:56.331568 [debug] [MainThread]: Connection 'debug' was properly closed.
[0m12:04:56.331568 [debug] [MainThread]: Sending event: {'category': 'dbt', 'action': 'invocation', 'label': 'end', 'context': [<snowplow_tracker.self_describing_json.SelfDescribingJson object at 0x0000020EAFF71A00>, <snowplow_tracker.self_describing_json.SelfDescribingJson object at 0x0000020EB03559D0>, <snowplow_tracker.self_describing_json.SelfDescribingJson object at 0x0000020EADDE1E80>]}
[0m12:04:56.332568 [debug] [MainThread]: Flushing usage events
[0m12:04:56.549615 [debug] [MainThread]: An error was encountered while trying to flush usage events
